// Jest Snapshot v1, https://goo.gl/fbAQLP

exports[`Search renders correctly 1`] = `
<DocumentFragment>
  <form
    class="search_form"
  >
    <input
      class="search_input"
      placeholder="Search here.."
      type="text"
    />
    <button
      class="submit_button"
      type="submit"
    >
       Shoot! 
    </button>
  </form>
   
</DocumentFragment>
`;
